name="acl"|version="2.3.1"|depends="attr"|acl|https://github.com/basitdagitim/base-bps-binary-packages/raw/master/
name="attr"|version="2.5.1"|depends=""|attr|https://github.com/basitdagitim/base-bps-binary-packages/raw/master/
name="audit"|version='3.1.1'|depends=""|audit|https://github.com/basitdagitim/base-bps-binary-packages/raw/master/
name="base-file"|version="1.0"|depends=""|base-file|https://github.com/basitdagitim/base-bps-binary-packages/raw/master/
name="bash"|version="5.2.21"|depends="glibc,readline,ncurses"|bash|https://github.com/basitdagitim/base-bps-binary-packages/raw/master/
name="brotli"|version="1.1.0"|depends="glibc,zlib"|brotli|https://github.com/basitdagitim/base-bps-binary-packages/raw/master/
name="busybox"|version="1.36.1"|depends="glibc"|busybox|https://github.com/basitdagitim/base-bps-binary-packages/raw/master/
name="bzip2"|version="1.0.8"|depends="glibc,readline,ncurses"|bzip2|https://github.com/basitdagitim/base-bps-binary-packages/raw/master/
name="coreutils"|version="9.5"|depends="acl,attr,gmp,libcap,openssl"|coreutils|https://github.com/basitdagitim/base-bps-binary-packages/raw/master/
name="cpio"|version="2.15"|depends="glibc"|cpio|https://github.com/basitdagitim/base-bps-binary-packages/raw/master/
name="curl"|version="8.4.0"|depends="glibc,acl,openssl"|curl|https://github.com/basitdagitim/base-bps-binary-packages/raw/master/
name="dialog"|version="1.3-20230209"|depends="glibc,readline,ncurses"|dialog|https://github.com/basitdagitim/base-bps-binary-packages/raw/master/
name="distro-base"|version="1.0.0"|depends="grsync,kbd,libpcre2,busybox,linux-image,linux-headers,linux-libc-dev,libc6-dev,libstdc++-dev,live-boot,live-config,parted,dosfstools,kmod,grub,zstd,brotli expat,libmd,eudev,findutils,pam,e2fsprogs,\gzip,\gawk,initramfs-tools,zlib,audit,xz-utils,libxml2,libselinux,nano"|distro-base|https://github.com/basitdagitim/base-bps-binary-packages/raw/master/
name="distro-core-base"|version="1.0.0"|depends="glibc,readline,ncurses,ash,openssl,acl,attr,libcap,gmp,\grep,\sed,libpcre2,coreutils,util-linux,openrc"|distro-core-base|https://github.com/basitdagitim/base-bps-binary-packages/raw/master/
name="dosfstools"|version="4.2"|depends="glibc"|dosfstools|https://github.com/basitdagitim/base-bps-binary-packages/raw/master/
name="e2fsprogs"|version="1.47.0"|depends="glibc,readline,ncurses"|e2fsprogs|https://github.com/basitdagitim/base-bps-binary-packages/raw/master/
name="efibootmgr"|version="18"|depends="efivar,popt"|efibootmgr|https://github.com/basitdagitim/base-bps-binary-packages/raw/master/
name="efivar"|version="39"|depends=""|efivar|https://github.com/basitdagitim/base-bps-binary-packages/raw/master/
name="elfutils"|version="0.190"|depends="bzip2,xz-utils,zstd,zlib"|elfutils|https://github.com/basitdagitim/base-bps-binary-packages/raw/master/
name="elogind"|version="252.9"|depends="acl,attr,audit,libcap-ng,libcap,dbus,pam,py3-jinja"|elogind|https://github.com/basitdagitim/base-bps-binary-packages/raw/master/
name="eudev"|version="3.2.14"|depends="glibc,readline,ncurses,gperf"|eudev|https://github.com/basitdagitim/base-bps-binary-packages/raw/master/
name="expat"|version="2.6.2"|depends=""|expat|https://github.com/basitdagitim/base-bps-binary-packages/raw/master/
name="file"|version="5.45"|depends=""|file|https://github.com/basitdagitim/base-bps-binary-packages/raw/master/
name="findutils"|version="4.9.0"|depends=""|findutils|https://github.com/basitdagitim/base-bps-binary-packages/raw/master/
name="freetype"|version="2.13.1"|depends="zlib,bzip2,glib,libpng,harfbuzz"|freetype|https://github.com/basitdagitim/base-bps-binary-packages/raw/master/
name="gawk"|version="5.3.0"|depends="mpfr,readline"|gawk|https://github.com/basitdagitim/base-bps-binary-packages/raw/master/
name="glib"|version="2.78.0"|depends="bzip2,gettext,python,py3-packaging"|glib|https://github.com/basitdagitim/base-bps-binary-packages/raw/master/
name="glibc"|version="2.39"|depends=""|glibc|https://github.com/basitdagitim/base-bps-binary-packages/raw/master/
name="gmp"|version="6.3.0"|depends="glibc"|gmp|https://github.com/basitdagitim/base-bps-binary-packages/raw/master/
name="grep"|version="3.11"|depends="libpcre2"|grep|https://github.com/basitdagitim/base-bps-binary-packages/raw/master/
name="grub"|version="2.12"|depends="glibc,readline,ncurses,xz-utils,efibootmgr"|grub|https://github.com/basitdagitim/base-bps-binary-packages/raw/master/
name="gzip"|version="1.13"|depends=""|gzip|https://github.com/basitdagitim/base-bps-binary-packages/raw/master/
name="harfbuzz"|version="8.3.0"|depends="cairo,glib"|harfbuzz|https://github.com/basitdagitim/base-bps-binary-packages/raw/master/
name="icu"|version="74-2"|depends=()|icu|https://github.com/basitdagitim/base-bps-binary-packages/raw/master/
name="initramfs-tools"|version="0.142"|depends="glibc,readline,ncurses"|initramfs-tools|https://github.com/basitdagitim/base-bps-binary-packages/raw/master/
name="iptables"|version="1.8.10"|depends="libnftnl,libmnl"|iptables|https://github.com/basitdagitim/base-bps-binary-packages/raw/master/
name="kbd"|version="2.6.4"|depends="pam"|kbd|https://github.com/basitdagitim/base-bps-binary-packages/raw/master/
name="kmod"|version="32"|depends="zlib,xz-utils"|kmod|https://github.com/basitdagitim/base-bps-binary-packages/raw/master/
name="libaio"|version="0.3.113"|depends=""|libaio|https://github.com/basitdagitim/base-bps-binary-packages/raw/master/
name="debian-libc6-dev"|version="2.38-6"|depends=""|libc6-dev|https://github.com/basitdagitim/base-bps-binary-packages/raw/master/
name="libcap"|version="2.69"|depends="glibc,acl,openssl"|libcap|https://github.com/basitdagitim/base-bps-binary-packages/raw/master/
name="libcap-ng"|version="0.8.3"|depends="glibc,acl,openssl,libtool"|libcap-ng|https://github.com/basitdagitim/base-bps-binary-packages/raw/master/
name="libevdev"|version="1.13.1"|depends=""|libevdev|https://github.com/basitdagitim/base-bps-binary-packages/raw/master/
name="libffi"|version="3.4.6"|depends=""|libffi|https://github.com/basitdagitim/base-bps-binary-packages/raw/master/
name="libgcc"|version="13.1.0"|depends="glibc,gmp,mpfr,libmpc,zlib,libisl"|libgcc|https://github.com/basitdagitim/base-bps-binary-packages/raw/master/
name="libiconv"|version="1.17"|depends="gmp"|libiconv|https://github.com/basitdagitim/base-bps-binary-packages/raw/master/
name="libidn2"|version="2.3.7"|depends="libunistring"|libidn2|https://github.com/basitdagitim/base-bps-binary-packages/raw/master/
name="libmd"|version="1.1.0"|depends=""|libmd|https://github.com/basitdagitim/base-bps-binary-packages/raw/master/
name="libmnl"|version="1.0.5"|depends=""|libmnl|https://github.com/basitdagitim/base-bps-binary-packages/raw/master/
name="libndp"|version="1.8"|depends=""|libndp|https://github.com/basitdagitim/base-bps-binary-packages/raw/master/
name="libnftnl"|version="1.2.6"|depends="libmnl"|libnftnl|https://github.com/basitdagitim/base-bps-binary-packages/raw/master/
name="libnsl"|version="2.0.0"|depends="libtirpc"|libnsl|https://github.com/basitdagitim/base-bps-binary-packages/raw/master/
name="libpcre2"|version="10.40"|depends="readline"|libpcre2|https://github.com/basitdagitim/base-bps-binary-packages/raw/master/
name="libpng"|version="1.6.39"|depends="zlib"|libpng|https://github.com/basitdagitim/base-bps-binary-packages/raw/master/
name="libpsl"|version="0.21.2"|depends="libidn2"|libpsl|https://github.com/basitdagitim/base-bps-binary-packages/raw/master/
name="libselinux"|version="3.6"|depends=""|libselinux|https://github.com/basitdagitim/base-bps-binary-packages/raw/master/
name="libsepol"|version="3.6"|depends=""|libsepol|https://github.com/basitdagitim/base-bps-binary-packages/raw/master/
name="debian-libstdc++-dev"|version="13.2.0-25"|depends=""|libstdc++-dev|https://github.com/basitdagitim/base-bps-binary-packages/raw/master/
name="libtirpc"|version="1.3.3"|depends=""|libtirpc|https://github.com/basitdagitim/base-bps-binary-packages/raw/master/
name="libtool"|version="2.4.6"|depends="sed,grep"|libtool|https://github.com/basitdagitim/base-bps-binary-packages/raw/master/
name="libunistring"|version="1.1"|depends=""|libunistring|https://github.com/basitdagitim/base-bps-binary-packages/raw/master/
name="libxcrypt"|version="4.4.36"|depends=""|libxcrypt|https://github.com/basitdagitim/base-bps-binary-packages/raw/master/
name="libxml2"|version="2.12.6"|depends="glibc,acl,openssl,libtool,icu"|libxml2|https://github.com/basitdagitim/base-bps-binary-packages/raw/master/
name="linux-headers"|version="6.8.12"|depends=""|linux-headers|https://github.com/basitdagitim/base-bps-binary-packages/raw/master/
name="linux-image"|version="6.8.12"|depends=""|linux-image|https://github.com/basitdagitim/base-bps-binary-packages/raw/master/
name="debian-linux-libc-dev"|version="6.8.12"|depends=""|linux-libc-dev|https://github.com/basitdagitim/base-bps-binary-packages/raw/master/
name="live-boot"|version="1230131"|depends="glibc,acl,openssl"|live-boot|https://github.com/basitdagitim/base-bps-binary-packages/raw/master/
name="live-config"|version="11.0.4"|depends="glibc,acl,openssl"|live-config|https://github.com/basitdagitim/base-bps-binary-packages/raw/master/
name="locale-tr"|version="1.0"|depends="glibc,tzdata"|locale-tr|https://github.com/basitdagitim/base-bps-binary-packages/raw/master/
name="lvm2"|version="2_03_21"|depends="libaio"|lvm2|https://github.com/basitdagitim/base-bps-binary-packages/raw/master/
name="mpfr"|version="4.2.0"|depends="glibc,gmp"|mpfr|https://github.com/basitdagitim/base-bps-binary-packages/raw/master/
name="nano"|version="7.2"|depends="glibc,readline,ncurses,file"|nano|https://github.com/basitdagitim/base-bps-binary-packages/raw/master/
name="ncurses"|version="6.4"|depends="glibc"|ncurses|https://github.com/basitdagitim/base-bps-binary-packages/raw/master/
name="networkmanager"|version="1.46.0"|depends="libndp,nss,newt,iptables,curl"|networkmanager|https://github.com/basitdagitim/base-bps-binary-packages/raw/master/
name="newt"|version="0.52.23"|depends="slang,popt"|newt|https://github.com/basitdagitim/base-bps-binary-packages/raw/master/
name="nspr"|version="4.35"|depends=""|nspr|https://github.com/basitdagitim/base-bps-binary-packages/raw/master/
name="nss"|version="3.94"|depends="nspr"|nss|https://github.com/basitdagitim/base-bps-binary-packages/raw/master/
name="oldkrnl"|version="6.8.12"|depends=""|oldkrnl|https://github.com/basitdagitim/base-bps-binary-packages/raw/master/
name="openrc"|version="0.53"|depends=""|openrc|https://github.com/basitdagitim/base-bps-binary-packages/raw/master/
name="openssl"|version="3.2.0"|depends="glibc,zlib"|openssl|https://github.com/basitdagitim/base-bps-binary-packages/raw/master/
name="p7zip"|version="17.05"|depends="gcc"|p7zip|https://github.com/basitdagitim/base-bps-binary-packages/raw/master/
name="pam"|version="1.6.0"|depends="libtirpc,libxcrypt,libnsl,audit"|pam|https://github.com/basitdagitim/base-bps-binary-packages/raw/master/
name="parted"|version="3.6"|depends="glibc"|parted|https://github.com/basitdagitim/base-bps-binary-packages/raw/master/
name="pcre"|version="8.45"|depends="readline,zlib,bzip2"|pcre|https://github.com/basitdagitim/base-bps-binary-packages/raw/master/
name="popt"|version="1.19"|depends=""|popt|https://github.com/basitdagitim/base-bps-binary-packages/raw/master/
name="readline"|version="8.2"|depends="glibc"|readline|https://github.com/basitdagitim/base-bps-binary-packages/raw/master/
name="rsync"|version="3.2.7"|depends="glibc,acl,openssl"|rsync|https://github.com/basitdagitim/base-bps-binary-packages/raw/master/
name="sed"|version="4.9"|depends="acl"|sed|https://github.com/basitdagitim/base-bps-binary-packages/raw/master/
name="shadow"|version="4.13"|depends="pam,libxcrypt,acl,attr"|shadow|https://github.com/basitdagitim/base-bps-binary-packages/raw/master/
name="slang"|version="2.3.3"|depends="zlib"|slang|https://github.com/basitdagitim/base-bps-binary-packages/raw/master/
name="sqlite"|version="3.45.2"|depends="zlib,readline"|sqlite|https://github.com/basitdagitim/base-bps-binary-packages/raw/master/
name="tar"|version="1.35"|depends="glibc,acl"|tar|https://github.com/basitdagitim/base-bps-binary-packages/raw/master/
name="tcl"|version="8.6.14"|depends="zlib"|tcl|https://github.com/basitdagitim/base-bps-binary-packages/raw/master/
name="test-headers"|version="6.9.9"|depends=""|test-headers|https://github.com/basitdagitim/base-bps-binary-packages/raw/master/
name="util-linux"|version="2.40.1"|depends=""|util-linux|https://github.com/basitdagitim/base-bps-binary-packages/raw/master/
name="xz-utils"|version="5.4.5"||xz-utils-debian|https://github.com/basitdagitim/base-bps-binary-packages/raw/master/
name="zlib"|version="1.3"|depends="glibc,readline,ncurses,flex"|zlib|https://github.com/basitdagitim/base-bps-binary-packages/raw/master/
name="zstd"|version="1.5.5"|depends="glibc,readline,ncurses"|zstd|https://github.com/basitdagitim/base-bps-binary-packages/raw/master/
