/usr/share/live/config/VERSION
/usr/share/live/config/xserver-xorg/nvidia.conf
/usr/share/live/config/xserver-xorg/vboxvideo.conf
/usr/share/doc/live-config/examples/README
/usr/share/doc/live-config/examples/live-config-foobar/components/9000-foobar
/usr/share/doc/live-config/examples/live-config-foobar/debian/control
/usr/share/doc/live-config/examples/live-config-foobar/debian/copyright
/usr/share/doc/live-config/examples/live-config-foobar/debian/source/format
/usr/share/doc/live-config/examples/live-config-foobar/debian/source/options
/usr/share/doc/live-config/examples/live-config-foobar/debian/source/local-options
/usr/share/doc/live-config/examples/live-config-foobar/debian/install
/usr/share/doc/live-config/examples/live-config-foobar/debian/rules
/usr/share/doc/live-config/examples/live-config-foobar/debian/compat
/usr/share/doc/live-config/examples/live-config-foobar/debian/changelog
/usr/share/doc/live-config/examples/live-config-foobar/configs/foobar.conf
/usr/share/doc/live-config/examples/hooks/vi
/usr/share/doc/live-config/examples/hooks/passwd
/usr/share/doc/live-config/examples/hooks/cat
/usr/share/doc/live-config/examples/hooks/rm
/usr/share/doc/live-config/examples/hooks/sh
/usr/share/doc/live-config/COPYING
/usr/share/man/es/man7/live-config.7
/usr/share/man/ja/man7/live-config.7
/usr/share/man/it/man7/live-config.7
/usr/share/man/man7/live-config.7
/usr/share/man/fr/man7/live-config.7
/lib/systemd/system/live-config.service
/lib/systemd/system-generators/live-config-getty-generator
/lib/live/config.sh
/lib/live/config/1130-login
/lib/live/config/0110-lxdm
/lib/live/config/1120-util-linux
/lib/live/config/0020-hostname
/lib/live/config/0030-user-setup
/lib/live/config/0180-sysv-rc
/lib/live/config/1010-apport
/lib/live/config/0160-sysvinit
/lib/live/config/9990-hooks
/lib/live/config/0040-sudo
/lib/live/config/0030-live-debconfig_passwd
/lib/live/config/0140-xinit
/lib/live/config/0010-debconf
/lib/live/config/1030-gnome-power-manager
/lib/live/config/1040-gnome-screensaver
/lib/live/config/0090-kdm
/lib/live/config/0100-lightdm
/lib/live/config/0150-keyboard-configuration
/lib/live/config/0080-gdm3
/lib/live/config/1110-anacron
/lib/live/config/1190-broadcom-sta
/lib/live/config/0120-nodm
/lib/live/config/0070-tzdata
/lib/live/config/1140-xserver-xorg
/lib/live/config/1180-xscreensaver
/lib/live/config/1170-xfce4-panel
/lib/live/config/0085-sddm
/lib/live/config/9995-nss-systemd
/lib/live/config/1020-gnome-panel-data
/lib/live/config/0005-nss-systemd
/lib/live/config/1090-ssl-cert
/lib/live/config/1080-policykit
/lib/live/config/0050-locales
/lib/live/config/1160-openssh-server
/lib/live/config/0130-slim
/lib/live/config/1050-kaboom
/lib/live/config/1060-kde-services
/lib/live/init-config.sh
/lib/live/setup-network.sh
/bin/live-config-update
/bin/live-config
/etc/init.d/live-config
